src/pages/AdminDashboard.tsx(4,21): error TS1484: 'CyclingEvent' is a type and must be imported using a type-only import when 'verbatimModuleSyntax' is enabled.
src/pages/AdminDashboard.tsx(4,35): error TS1484: 'EventRegistrationField' is a type and must be imported using a type-only import when 'verbatimModuleSyntax' is enabled.
src/pages/Home.tsx(4,21): error TS1484: 'CyclingEvent' is a type and must be imported using a type-only import when 'verbatimModuleSyntax' is enabled.
